my_SSD1306.c:9:6:SSD1306_Init	8	static
my_SSD1306.c:47:6:SSD1306_DrawPixel	16	static
my_SSD1306.c:61:6:SSD1306_Reset	8	static
my_SSD1306.c:73:6:SSD1306_WriteCommand	16	static
my_SSD1306.c:81:6:SSD1306_WriteData	16	static
my_SSD1306.c:88:6:SSD1306_UpdateScreen	16	static
my_SSD1306.c:103:6:SSD1306_WriteChar	48	static
my_SSD1306.c:137:6:SSD1306_WriteString	32	static
my_SSD1306.c:150:6:SSD1306_SetCursor	16	static
my_SSD1306.c:155:6:SSD1306_Fill	16	static
my_SSD1306.c:159:6:SSD1306_SetDisplayOn	24	static
